Microchip MPLAB XC8 Compiler V2.40

Linker command line:

-W-3 \
  --edf=C:\Program Files\Microchip\xc8\v2.40\pic\dat\20220703182018_en.msgs \
  -cn \
  -h+dist/default/production\StopWatchProjectBasedOn_Pic18f4620.production.sym \
  --cmf=dist/default/production\StopWatchProjectBasedOn_Pic18f4620.production.cmf \
  -z -Q18F4620 -oC:\Users\MOUSTAFA\AppData\Local\Temp\xcAs14k.4 \
  --defsym=__MPLAB_BUILD=1 --fixupoverflow=error \
  -Mdist/default/production/StopWatchProjectBasedOn_Pic18f4620.production.map \
  --md=C:\Users\MOUSTAFA\AppData\Local\Temp\xcAs14k.dat -E1 \
  -ver=XC8 Compiler --acfsm=1493 -ACODE=00h-0FFFFh -ACONST=00h-0FFFFh \
  -ASMALLCONST=01000h-010FFhx240 -AMEDIUMCONST=01000h-0FFFFh \
  -ACOMRAM=01h-07Fh -AABS1=00h-0F7Fh -ABIGRAM=01h-0F7Fh \
  -ARAM=080h-0FFh,0100h-01FFhx14,0F00h-0F7Fh -ABANK0=080h-0FFh \
  -ABANK1=0100h-01FFh -ABANK2=0200h-02FFh -ABANK3=0300h-03FFh \
  -ABANK4=0400h-04FFh -ABANK5=0500h-05FFh -ABANK6=0600h-06FFh \
  -ABANK7=0700h-07FFh -ABANK8=0800h-08FFh -ABANK9=0900h-09FFh \
  -ABANK10=0A00h-0AFFh -ABANK11=0B00h-0BFFh -ABANK12=0C00h-0CFFh \
  -ABANK13=0D00h-0DFFh -ABANK14=0E00h-0EFFh -ABANK15=0F00h-0F7Fh \
  -ASFR=0F80h-0FFFh -ABIGSFR=0F80h-0FFFh -ACONFIG=0300000h-030000Dh \
  -AIDLOC=0200000h-0200007h -AEEDATA=0F00000h-0F003FFh -peeprom_data=EEDATA \
  -preset_vec=00h,intcode=08h,intcodelo,powerup,init -pramtop=01000h \
  -psmallconst=SMALLCONST -pmediumconst=MEDIUMCONST -pconst=CONST \
  -AFARRAM=00h-00h \
  -prdata=COMRAM,nvrram=COMRAM,nvbit=COMRAM,rbss=COMRAM,rbit=COMRAM \
  -pfarbss=FARRAM,fardata=FARRAM,nvFARRAM=FARRAM \
  -pintsave_regs=BIGRAM,bigbss=BIGRAM,bigdata=BIGRAM -pbss=RAM \
  -pidata=CODE,irdata=CODE,ibigdata=CODE,ifardata=CODE -prparam=COMRAM \
  C:\Users\MOUSTAFA\AppData\Local\Temp\xcAs14k.o \
  dist/default/production\StopWatchProjectBasedOn_Pic18f4620.production.o 

Object code version is 3.11

Machine type is 18F4620



                Name                               Link     Load   Length Selector   Space Scale
C:\Users\MOUSTAFA\AppData\Local\Temp\xcAs14k.o
                idloc                            200000   200000        8        0       5
                config                           300000   300000        E        0       4
                init                                  E        E        4        4       0
                reset_vec                             0        0        4        0       0
dist/default/production\StopWatchProjectBasedOn_Pic18f4620.production.o
                intcode                               8        8        6        4       0
                idloc                            200000   200000        8        0       5
                config                           300000   300000        E        0       4
                temp                                 6E       6E        1        1       1
                text19                              9AE      9AE       6A        4       0
                text18                              C02      C02       38        4       0
                intcode_body                        C3A      C3A       36        4       0
                text16                              C94      C94       1C        4       0
                text15                              B14      B14       3E        4       0
                text14                              930      930       7E        4       0
                text13                              AD6      AD6       3E        4       0
                text12                              68C      68C       B8        4       0
                text11                              50A      50A       C4        4       0
                text10                              744      744       B0        4       0
                text9                               29A      29A      144        4       0
                text8                               C70      C70       24        4       0
                text7                               7F4      7F4       AE        4       0
                text6                               5CE      5CE       BE        4       0
                text5                               B52      B52       3C        4       0
                text4                               3DE      3DE      12C        4       0
                text3                               A18      A18       62        4       0
                text2                               A7A      A7A       5C        4       0
                text1                               8A2      8A2       8E        4       0
                text0                                12       12      288        4       0
                cstackCOMRAM                         5A       5A       14        1       1
                dataCOMRAM                            1        1       3A        1       1
                bssCOMRAM                            3B       3B       1F        1       1
                cinit                               BC8      BC8       3A        4       0
                idataCOMRAM                         B8E      B8E       3A        4       0

TOTAL           Name                               Link     Load   Length     Space
        CLASS   CODE           
                intcode                               8        8        6         0
                init                                  E        E        4         0
                reset_vec                             0        0        4         0
                text19                              9AE      9AE       6A         0
                text18                              C02      C02       38         0
                intcode_body                        C3A      C3A       36         0
                text16                              C94      C94       1C         0
                text15                              B14      B14       3E         0
                text14                              930      930       7E         0
                text13                              AD6      AD6       3E         0
                text12                              68C      68C       B8         0
                text11                              50A      50A       C4         0
                text10                              744      744       B0         0
                text9                               29A      29A      144         0
                text8                               C70      C70       24         0
                text7                               7F4      7F4       AE         0
                text6                               5CE      5CE       BE         0
                text5                               B52      B52       3C         0
                text4                               3DE      3DE      12C         0
                text3                               A18      A18       62         0
                text2                               A7A      A7A       5C         0
                text1                               8A2      8A2       8E         0
                text0                                12       12      288         0
                cinit                               BC8      BC8       3A         0
                idataCOMRAM                         B8E      B8E       3A         0

        CLASS   CONST          

        CLASS   SMALLCONST     

        CLASS   MEDIUMCONST    

        CLASS   COMRAM         
                temp                                 6E       6E        1         1
                cstackCOMRAM                         5A       5A       14         1
                dataCOMRAM                            1        1       3A         1
                bssCOMRAM                            3B       3B       1F         1

        CLASS   ABS1           

        CLASS   BIGRAM         

        CLASS   RAM            

        CLASS   BANK0          

        CLASS   BANK1          

        CLASS   BANK2          

        CLASS   BANK3          

        CLASS   BANK4          

        CLASS   BANK5          

        CLASS   BANK6          

        CLASS   BANK7          

        CLASS   BANK8          

        CLASS   BANK9          

        CLASS   BANK10         

        CLASS   BANK11         

        CLASS   BANK12         

        CLASS   BANK13         

        CLASS   BANK14         

        CLASS   BANK15         

        CLASS   SFR            

        CLASS   BIGSFR         

        CLASS   CONFIG         
                config                           300000   300000        E         4

        CLASS   IDLOC          
                idloc                            200000   200000        8         5

        CLASS   EEDATA         

        CLASS   FARRAM         

        CLASS   HEAP           

        CLASS   STACK          



SEGMENTS        Name                           Load    Length   Top    Selector   Space  Class

                reset_vec                      000000  000004  000004         0       0  CODE    
                dataCOMRAM                     000001  00006E  00006F         1       1  COMRAM  
                intcode                        000008  000CA8  000CB0         4       0  CODE    


UNUSED ADDRESS RANGES

        Name                Unused          Largest block    Delta
        BANK0            000080-0000FF               80
        BANK1            000100-0001FF              100
        BANK10           000A00-000AFF              100
        BANK11           000B00-000BFF              100
        BANK12           000C00-000CFF              100
        BANK13           000D00-000DFF              100
        BANK14           000E00-000EFF              100
        BANK15           000F00-000F7F               80
        BANK2            000200-0002FF              100
        BANK3            000300-0003FF              100
        BANK4            000400-0004FF              100
        BANK5            000500-0005FF              100
        BANK6            000600-0006FF              100
        BANK7            000700-0007FF              100
        BANK8            000800-0008FF              100
        BANK9            000900-0009FF              100
        BIGRAM           00006F-000F7F              F11
        BIGSFR           000F80-000FFF               80
        CODE             000004-000007                4
                         000CB0-00FFFF             F350
        COMRAM           00006F-00007F               11
        CONST            000004-000007                4
                         000CB0-00FFFF             F350
        EEDATA           F00000-F003FF              400
        MEDIUMCONST      001000-00FFFF             F000
        RAM              000080-000F7F              100
        SFR              000F80-000FFF               80
        SMALLCONST       001000-00FFFF              100

                                  Symbol Table

?___awdiv                                    cstackCOMRAM 00005C
?___awmod                                    cstackCOMRAM 00005C
Timer1_DeInit@_timer                         cstackCOMRAM 00005C
Timer1_Init@_timer                           cstackCOMRAM 00005E
_ADCON1bits                                  (abs)        000FC1
_Btn1                                        dataCOMRAM   00002F
_Btn2                                        dataCOMRAM   00002C
_Btn3                                        dataCOMRAM   000029
_Button1Status                               dataCOMRAM   00003A
_Button2Status                               dataCOMRAM   000039
_Button3Status                               dataCOMRAM   000038
_CMCONbits                                   (abs)        000FB4
_Enable1                                     dataCOMRAM   000037
_Enable2                                     dataCOMRAM   000036
_Enable3                                     dataCOMRAM   000035
_Enable4                                     dataCOMRAM   000034
_Enable5                                     dataCOMRAM   000033
_Enable6                                     dataCOMRAM   000032
_Hours                                       bssCOMRAM    000057
_INT0_InterruptHandler                       bssCOMRAM    000055
_INT1_InterruptHandler                       bssCOMRAM    000053
_INT2_InterruptHandler                       bssCOMRAM    000051
_INTCONbits                                  (abs)        000FF2
_LATA                                        (abs)        000F89
_LATB                                        (abs)        000F8A
_LATC                                        (abs)        000F8B
_LATD                                        (abs)        000F8C
_LATE                                        (abs)        000F8D
_Minutes                                     bssCOMRAM    000058
_PIE1bits                                    (abs)        000F9D
_PIR1bits                                    (abs)        000F9E
_PORTA                                       (abs)        000F80
_PORTB                                       (abs)        000F81
_PORTC                                       (abs)        000F82
_PORTD                                       (abs)        000F83
_PORTE                                       (abs)        000F84
_RB4_interruptHandler_HIGH                   bssCOMRAM    00004D
_RB4_interruptHandler_LOW                    bssCOMRAM    00004F
_RB5_interruptHandler_HIGH                   bssCOMRAM    000049
_RB5_interruptHandler_LOW                    bssCOMRAM    00004B
_RB6_interruptHandler_HIGH                   bssCOMRAM    000045
_RB6_interruptHandler_LOW                    bssCOMRAM    000047
_RB7_interruptHandler_HIGH                   bssCOMRAM    000041
_RB7_interruptHandler_LOW                    bssCOMRAM    000043
_Seconds                                     bssCOMRAM    000059
_Seg_Obj                                     dataCOMRAM   000024
_T1CONbits                                   (abs)        000FCD
_TIMER1_ISR                                  text18       000C02
_TIMER1_interruptHandler                     bssCOMRAM    00003F
_TMR1H                                       (abs)        000FCF
_TMR1L                                       (abs)        000FCE
_TRISA                                       (abs)        000F92
_TRISB                                       (abs)        000F93
_TRISC                                       (abs)        000F94
_TRISD                                       (abs)        000F95
_TRISE                                       (abs)        000F96
_Timer1_DeInit                               text16       000C94
_Timer1_Init                                 text12       00068C
_Timer1_Interrupt                            text19       0009AE
_Timer1_Obj                                  dataCOMRAM   00001F
_TimerOverFlow                               bssCOMRAM    00003B
__HRAM                                       (abs)        000000
__Habs1                                      abs1         000000
__Hbank0                                     bank0        000000
__Hbank1                                     bank1        000000
__Hbank10                                    bank10       000000
__Hbank11                                    bank11       000000
__Hbank12                                    bank12       000000
__Hbank13                                    bank13       000000
__Hbank14                                    bank14       000000
__Hbank15                                    bank15       000000
__Hbank2                                     bank2        000000
__Hbank3                                     bank3        000000
__Hbank4                                     bank4        000000
__Hbank5                                     bank5        000000
__Hbank6                                     bank6        000000
__Hbank7                                     bank7        000000
__Hbank8                                     bank8        000000
__Hbank9                                     bank9        000000
__Hbigbss                                    bigbss       000000
__Hbigdata                                   bigdata      000000
__Hbigram                                    bigram       000000
__Hbigsfr                                    bigsfr       000000
__Hbss                                       bss          000000
__HbssCOMRAM                                 bssCOMRAM    000000
__Hcinit                                     cinit        000000
__Hclrtext                                   clrtext      000000
__Hcomram                                    comram       000000
__Hconfig                                    config       30000E
__Hconst                                     const        000000
__HcstackCOMRAM                              cstackCOMRAM 000000
__Hdata                                      data         000000
__HdataCOMRAM                                dataCOMRAM   000000
__Heeprom_data                               eeprom_data  000000
__Hfarbss                                    farbss       000000
__Hfardata                                   fardata      000000
__Hheap                                      heap         000000
__Hibigdata                                  ibigdata     000000
__Hidata                                     idata        000000
__HidataCOMRAM                               idataCOMRAM  000000
__Hidloc                                     idloc        200008
__Hifardata                                  ifardata     000000
__Hinit                                      init         000012
__Hintcode                                   intcode      00000E
__Hintcode_body                              intcode_body 000000
__Hintcodelo                                 intcodelo    00000E
__Hintentry                                  intentry     000000
__Hintret                                    intret       000000
__Hintsave_regs                              intsave_regs 000000
__Hirdata                                    irdata       000000
__Hmediumconst                               mediumconst  000000
__HnvFARRAM                                  nvFARRAM     000000
__Hnvbit                                     nvbit        000000
__Hnvrram                                    nvrram       000000
__Hparam                                     rparam       000000
__Hpowerup                                   powerup      00000E
__Hram                                       ram          000000
__Hramtop                                    ramtop       001000
__Hrbit                                      rbit         000000
__Hrbss                                      rbss         000000
__Hrdata                                     rdata        000000
__Hreset_vec                                 reset_vec    000004
__Hrparam                                    rparam       000000
__Hsfr                                       sfr          000000
__Hsmallconst                                smallconst   000000
__Hspace_0                                   (abs)        001000
__Hspace_1                                   (abs)        00006F
__Hspace_2                                   (abs)        000000
__Hspace_4                                   (abs)        60000E
__Hstack                                     stack        000000
__Hstruct                                    struct       000000
__Htemp                                      temp         00006F
__Htext                                      text         000000
__Htext0                                     text0        000000
__Htext1                                     text1        000000
__Htext10                                    text10       000000
__Htext11                                    text11       000000
__Htext12                                    text12       000000
__Htext13                                    text13       000000
__Htext14                                    text14       000000
__Htext15                                    text15       000000
__Htext16                                    text16       000000
__Htext18                                    text18       000000
__Htext19                                    text19       000000
__Htext2                                     text2        000000
__Htext20                                    text20       000000
__Htext3                                     text3        000000
__Htext4                                     text4        000000
__Htext5                                     text5        000000
__Htext6                                     text6        000000
__Htext7                                     text7        000000
__Htext8                                     text8        000000
__Htext9                                     text9        000000
__LRAM                                       (abs)        000001
__Labs1                                      abs1         000000
__Lbank0                                     bank0        000000
__Lbank1                                     bank1        000000
__Lbank10                                    bank10       000000
__Lbank11                                    bank11       000000
__Lbank12                                    bank12       000000
__Lbank13                                    bank13       000000
__Lbank14                                    bank14       000000
__Lbank15                                    bank15       000000
__Lbank2                                     bank2        000000
__Lbank3                                     bank3        000000
__Lbank4                                     bank4        000000
__Lbank5                                     bank5        000000
__Lbank6                                     bank6        000000
__Lbank7                                     bank7        000000
__Lbank8                                     bank8        000000
__Lbank9                                     bank9        000000
__Lbigbss                                    bigbss       000000
__Lbigdata                                   bigdata      000000
__Lbigram                                    bigram       000000
__Lbigsfr                                    bigsfr       000000
__Lbss                                       bss          000000
__LbssCOMRAM                                 bssCOMRAM    000000
__Lcinit                                     cinit        000000
__Lclrtext                                   clrtext      000000
__Lcomram                                    comram       000000
__Lconfig                                    config       000000
__Lconst                                     const        000000
__LcstackCOMRAM                              cstackCOMRAM 000000
__Ldata                                      data         000000
__LdataCOMRAM                                dataCOMRAM   000000
__Leeprom_data                               eeprom_data  000000
__Lfarbss                                    farbss       000000
__Lfardata                                   fardata      000000
__Lheap                                      heap         000000
__Libigdata                                  ibigdata     000000
__Lidata                                     idata        000000
__LidataCOMRAM                               idataCOMRAM  000000
__Lidloc                                     idloc        000000
__Lifardata                                  ifardata     000000
__Linit                                      init         00000E
__Lintcode                                   intcode      000008
__Lintcode_body                              intcode_body 000000
__Lintcodelo                                 intcodelo    00000E
__Lintentry                                  intentry     000000
__Lintret                                    intret       000000
__Lintsave_regs                              intsave_regs 000000
__Lirdata                                    irdata       000000
__Lmediumconst                               mediumconst  000000
__LnvFARRAM                                  nvFARRAM     000000
__Lnvbit                                     nvbit        000000
__Lnvrram                                    nvrram       000000
__Lparam                                     rparam       000000
__Lpowerup                                   powerup      00000E
__Lram                                       ram          000000
__Lramtop                                    ramtop       001000
__Lrbit                                      rbit         000000
__Lrbss                                      rbss         000000
__Lrdata                                     rdata        000000
__Lreset_vec                                 reset_vec    000000
__Lrparam                                    rparam       000000
__Lsfr                                       sfr          000000
__Lsmallconst                                smallconst   000000
__Lspace_0                                   (abs)        000000
__Lspace_1                                   (abs)        000000
__Lspace_2                                   (abs)        000000
__Lspace_4                                   (abs)        000000
__Lstack                                     stack        000000
__Lstruct                                    struct       000000
__Ltemp                                      temp         00006E
__Ltext                                      text         000000
__Ltext0                                     text0        000000
__Ltext1                                     text1        000000
__Ltext10                                    text10       000000
__Ltext11                                    text11       000000
__Ltext12                                    text12       000000
__Ltext13                                    text13       000000
__Ltext14                                    text14       000000
__Ltext15                                    text15       000000
__Ltext16                                    text16       000000
__Ltext18                                    text18       000000
__Ltext19                                    text19       000000
__Ltext2                                     text2        000000
__Ltext20                                    text20       000000
__Ltext3                                     text3        000000
__Ltext4                                     text4        000000
__Ltext5                                     text5        000000
__Ltext6                                     text6        000000
__Ltext7                                     text7        000000
__Ltext8                                     text8        000000
__Ltext9                                     text9        000000
__S0                                         (abs)        000CB0
__S1                                         (abs)        00006F
__S4                                         (abs)        000000
__S5                                         (abs)        000000
___awdiv                                     text11       00050A
___awdiv@counter                             cstackCOMRAM 000060
___awdiv@dividend                            cstackCOMRAM 00005C
___awdiv@divisor                             cstackCOMRAM 00005E
___awdiv@quotient                            cstackCOMRAM 000062
___awdiv@sign                                cstackCOMRAM 000061
___awmod                                     text10       000744
___awmod@counter                             cstackCOMRAM 000060
___awmod@dividend                            cstackCOMRAM 00005C
___awmod@divisor                             cstackCOMRAM 00005E
___awmod@sign                                cstackCOMRAM 000061
___heap_hi                                   (abs)        000000
___heap_lo                                   (abs)        000000
___inthi_sp                                  stack        000000
___intlo_sp                                  stack        000000
___param_bank                                (abs)        000000
___rparam_used                               (abs)        000001
___sp                                        stack        000000
__accesstop                                  (abs)        000080
__activetblptr                               (abs)        000002
__end_of_TIMER1_ISR                          text18       000C3A
__end_of_Timer1_DeInit                       text16       000CB0
__end_of_Timer1_Init                         text12       000744
__end_of_Timer1_Interrupt                    text19       000A18
__end_of___awdiv                             text11       0005CE
__end_of___awmod                             text10       0007F4
__end_of__initialization                     cinit        000BF4
__end_of_button_inialize                     text8        000C94
__end_of_button_read_status                  text6        00068C
__end_of_gpio_Pin_Derction_Intialize         text9        0003DE
__end_of_gpio_Pin_Intialize                  text3        000A7A
__end_of_gpio_Pin_Read_Logic                 text7        0008A2
__end_of_gpio_Pin_Write_Logic                text4        00050A
__end_of_gpio_Port_Write_Logic               text5        000B8E
__end_of_interruptManager                    intcode_body 000C70
__end_of_main                                text0        00029A
__end_of_seven_segment_initialize            text2        000AD6
__end_of_seven_segment_write_number          text1        000930
__end_of_timer1_oscillator_enable            text15       000B52
__end_of_timer1_select_mode_timer_or_counter text14       0009AE
__end_of_timer1_select_reg_mode              text13       000B14
__initialization                             cinit        000BC8
__mediumconst                                mediumconst  000000
__pbssCOMRAM                                 bssCOMRAM    00003B
__pcinit                                     cinit        000BC8
__pcstackCOMRAM                              cstackCOMRAM 00005A
__pdataCOMRAM                                dataCOMRAM   000001
__pidataCOMRAM                               idataCOMRAM  000B8E
__pintcode                                   intcode      000008
__pintcode_body                              intcode_body 000C3A
__ptext0                                     text0        000012
__ptext1                                     text1        0008A2
__ptext10                                    text10       000744
__ptext11                                    text11       00050A
__ptext12                                    text12       00068C
__ptext13                                    text13       000AD6
__ptext14                                    text14       000930
__ptext15                                    text15       000B14
__ptext16                                    text16       000C94
__ptext18                                    text18       000C02
__ptext19                                    text19       0009AE
__ptext2                                     text2        000A7A
__ptext20                                    text20       000000
__ptext3                                     text3        000A18
__ptext4                                     text4        0003DE
__ptext5                                     text5        000B52
__ptext6                                     text6        0005CE
__ptext7                                     text7        0007F4
__ptext8                                     text8        000C70
__ptext9                                     text9        00029A
__ramtop                                     ramtop       001000
__smallconst                                 smallconst   000000
_button_inialize                             text8        000C70
_button_read_status                          text6        0005CE
_gpio_Pin_Derction_Intialize                 text9        00029A
_gpio_Pin_Intialize                          text3        000A18
_gpio_Pin_Read_Logic                         text7        0007F4
_gpio_Pin_Write_Logic                        text4        0003DE
_gpio_Port_Write_Logic                       text5        000B52
_interruptManager                            intcode      000008
_lat_registers                               dataCOMRAM   00000B
_main                                        text0        000012
_port_registers                              dataCOMRAM   000001
_preload_timer1                              bssCOMRAM    00003D
_seven_segment_initialize                    text2        000A7A
_seven_segment_write_number                  text1        0008A2
_timer1_oscillator_enable                    text15       000B14
_timer1_select_mode_timer_or_counter         text14       000930
_timer1_select_reg_mode                      text13       000AD6
_tris_registers                              dataCOMRAM   000015
btemp                                        temp         00006E
button_inialize@btn                          cstackCOMRAM 000065
button_read_status@btn                       cstackCOMRAM 000065
button_read_status@btn_status                cstackCOMRAM 000067
button_read_status@button_logic              cstackCOMRAM 00006A
end_of_initialization                        cinit        000BF4
gpio_Pin_Derction_Intialize@pin_config       cstackCOMRAM 00005C
gpio_Pin_Derction_Intialize@ret              cstackCOMRAM 000064
gpio_Pin_Intialize@pin_config                cstackCOMRAM 000066
gpio_Pin_Intialize@ret                       cstackCOMRAM 000069
gpio_Pin_Read_Logic@logic                    cstackCOMRAM 00005E
gpio_Pin_Read_Logic@pin_config               cstackCOMRAM 00005C
gpio_Pin_Write_Logic@logic                   cstackCOMRAM 00005E
gpio_Pin_Write_Logic@pin_config              cstackCOMRAM 00005C
gpio_Pin_Write_Logic@ret                     cstackCOMRAM 000065
gpio_Port_Write_Logic@logic                  cstackCOMRAM 00005C
gpio_Port_Write_Logic@port                   cstackCOMRAM 00005F
int$flags                                    temp         00006E
int_func                                     intcode_body 000C3A
intlevel0                                    text         000000
intlevel1                                    text         000000
intlevel2                                    text         000000
intlevel3                                    text         000000
isa$std                                      (abs)        000001
isa$xinst                                    (abs)        000000
seven_segment_initialize@ret                 cstackCOMRAM 00006C
seven_segment_initialize@seg                 cstackCOMRAM 00006A
seven_segment_write_number@number            cstackCOMRAM 000068
seven_segment_write_number@ret               cstackCOMRAM 000069
seven_segment_write_number@seg               cstackCOMRAM 000066
stackhi                                      (abs)        000000
stacklo                                      (abs)        000000
start                                        init         00000E
start_initialization                         cinit        000BC8
timer1_oscillator_enable@_timer              cstackCOMRAM 00005C
timer1_select_mode_timer_or_counter@_timer   cstackCOMRAM 00005C
timer1_select_reg_mode@_timer                cstackCOMRAM 00005C
ttemp5                                       temp         00006F
ttemp6                                       temp         000072
ttemp7                                       temp         000076
wtemp8                                       temp         00006F


MODULE INFORMATION

Module		Function		Class		Link	Load	Size
C:\Program Files\Microchip\xc8\v2.40\pic\sources\c99\common\awdiv.c
		___awdiv       		CODE           	050A	0000	196

C:\Program Files\Microchip\xc8\v2.40\pic\sources\c99\common\awdiv.c estimated size: 196

ECU_Layer/button/ecu_button.c
		_button_inialize		CODE           	0C70	0000	36
		_button_read_status		CODE           	05CE	0000	190

ECU_Layer/button/ecu_button.c estimated size: 226

MCAL_Layer/TIMER1/hal_timer1.c
		_TIMER1_ISR    		CODE           	0C02	0000	56
		_timer1_select_reg_mode		CODE           	0AD6	0000	62
		_Timer1_Init   		CODE           	068C	0000	184
		_Timer1_DeInit 		CODE           	0C94	0000	28
		_timer1_oscillator_enable		CODE           	0B14	0000	62
		_timer1_select_mode_timer_or_counter		CODE           	0930	0000	126

MCAL_Layer/TIMER1/hal_timer1.c estimated size: 518

shared
		__initialization		CODE           	0BC8	0000	44

shared estimated size: 44

MCAL_Layer/GPIO/hal_gpio.c
		_gpio_Pin_Write_Logic		CODE           	03DE	0000	300
		_gpio_Pin_Intialize		CODE           	0A18	0000	98
		_gpio_Pin_Read_Logic		CODE           	07F4	0000	174
		_gpio_Pin_Derction_Intialize		CODE           	029A	0000	324
		_gpio_Port_Write_Logic		CODE           	0B52	0000	60

MCAL_Layer/GPIO/hal_gpio.c estimated size: 956

ECU_Layer/7segment/ecu_segment.c
		_seven_segment_initialize		CODE           	0A7A	0000	92
		_seven_segment_write_number		CODE           	08A2	0000	142

ECU_Layer/7segment/ecu_segment.c estimated size: 234

C:\Program Files\Microchip\xc8\v2.40\pic\sources\c99\common\awmod.c
		___awmod       		CODE           	0744	0000	176

C:\Program Files\Microchip\xc8\v2.40\pic\sources\c99\common\awmod.c estimated size: 176

application.c
		_main          		CODE           	0012	0000	648
		_Timer1_Interrupt		CODE           	09AE	0000	106

application.c estimated size: 754

MCAL_Layer/interrupt/mcal_interrupt_manager.c
		_interruptManager		CODE           	0008	0000	60

MCAL_Layer/interrupt/mcal_interrupt_manager.c estimated size: 60

